2023-03-21 12:48:09 [   DEBUG] ReportPortal - Init service: endpoint=http://localhost:8080, project=gorest_user_api, uuid=18737aa8-d339-4521-9c3f-73e6fff3b249 (service.py:864)
2023-03-21 12:48:09 [   DEBUG] Starting new HTTP connection (1): localhost:8080 (connectionpool.py:228)
2023-03-21 12:48:09 [   DEBUG] http://localhost:8080 "GET /api/v1/gorest_user_api/settings HTTP/1.1" 200 676 (connectionpool.py:456)
2023-03-21 12:48:09 [   DEBUG] Looking for locale `en_US` in provider `faker.providers.address`. (factory.py:76)
2023-03-21 12:48:09 [   DEBUG] Provider `faker.providers.address` has been localized to `en_US`. (factory.py:95)
2023-03-21 12:48:09 [   DEBUG] Looking for locale `en_US` in provider `faker.providers.automotive`. (factory.py:76)
2023-03-21 12:48:09 [   DEBUG] Provider `faker.providers.automotive` has been localized to `en_US`. (factory.py:95)
2023-03-21 12:48:09 [   DEBUG] Looking for locale `en_US` in provider `faker.providers.bank`. (factory.py:76)
2023-03-21 12:48:09 [   DEBUG] Specified locale `en_US` is not available for provider `faker.providers.bank`. Locale reset to `en_GB` for this provider. (factory.py:86)
2023-03-21 12:48:09 [   DEBUG] Looking for locale `en_US` in provider `faker.providers.barcode`. (factory.py:76)
2023-03-21 12:48:09 [   DEBUG] Provider `faker.providers.barcode` has been localized to `en_US`. (factory.py:95)
2023-03-21 12:48:09 [   DEBUG] Looking for locale `en_US` in provider `faker.providers.color`. (factory.py:76)
2023-03-21 12:48:09 [   DEBUG] Provider `faker.providers.color` has been localized to `en_US`. (factory.py:95)
2023-03-21 12:48:09 [   DEBUG] Looking for locale `en_US` in provider `faker.providers.company`. (factory.py:76)
2023-2023-03-21 12:48:18 [   DEBUG] ReportPortal - Finish launch: request_body={'end_time': '1679377698316'} (service.py:814)
2023-03-21 12:48:18 [   DEBUG] http://localhost:8080 "PUT /api/v2/gorest_user_api/launch/2018888f-9350-48eb-a696-e79a6fc11027/finish HTTP/1.1" 200 45 (connectionpool.py:456)
2023-03-21 12:48:18 [   DEBUG] finish_launch - ID: 2018888f-9350-48eb-a696-e79a6fc11027 (client.py:149)
2023-03-21 12:48:18 [   DEBUG] response message: <reportportal_client.static.defines._PresenceSentinel object at 0x10ef3c3d0> (client.py:150)
2023-03-21 12:48:18 [   DEBUG] Waiting for worker <reportportal_client.core.worker.APIWorker object at 0x1111b4d10> to completeprocessing batches. (log_manager.py:132)
2023-03-21 12:48:18 [   DEBUG] [APIWorker] Received {ControlCommand.STOP} command (worker.py:114)
2023-03-21 12:48:18 [   DEBUG] [APIWorker] Processing {ControlCommand.STOP} command (worker.py:79)
2023-03-21 12:48:18 [   DEBUG] [APIWorker] Exiting due to {ControlCommand.STOP} command (worker.py:117)
r `faker.providers.file` does not feature localization. Specified locale `en_US` is not utilized for this provider. (factory.py:106)
2023-03-21 12:48:09 [   DEBUG] Looking for locale `en_US` in provider `faker.providers.geo`. (factory.py:76)
2023-03-21 12:48:09 [   DEBUG] Provider `faker.providers.geo` has been localized to `en_US`. (factory.py:95)
2023-03-21 12:48:09 [   DEBUG] Looking for locale `en_US` in provider `faker.providers.internet`. (factory.py:76)
2023-03-21 12:48:09 [   DEBUG] Provider `faker.providers.internet` has been localized to `en_US`. (factory.py:95)
2023-03-21 12:48:09 [   DEBUG] Provider `faker.providers.isbn` does not feature localization. Specified locale `en_US` is not utilized for this provider. (factory.py:106)
2023-03-21 12:48:09 [   DEBUG] Looking for locale `en_US` in provider `faker.providers.job`. (factory.py:76)
2023-03-21 12:48:09 [   DEBUG] Provider `faker.providers.job` has been localized to `en_US`. (factory.py:95)
2023-03-21 12:48:09 [   DEBUG] Looking for locale `en_US` in provider `faker.providers.lorem`. (factory.py:76)
2023-03-21 12:48:09 [   DEBUG] Provider `faker.providers.lorem` has been localized to `en_US`. (factory.py:95)
2023-03-21 12:48:09 [   DEBUG] Looking for locale `en_US` in provider `faker.providers.misc`. (factory.py:76)
2023-03-21 12:48:09 [   DEBUG] Provider `faker.providers.misc` has been localized to `en_US`. (factory.py:95)
2023-03-21 12:48:09 [   DEBUG] Looking for locale `en_US` in provider `faker.providers.person`. (factory.py:76)
2023-03-21 12:48:09 [   DEBUG] Provider `faker.providers.person` has been localized to `en_US`. (factory.py:95)
2023-03-21 12:48:09 [   DEBUG] Looking for locale `en_US` in provider `faker.providers.phone_number`. (factory.py:76)
2023-03-21 12:48:09 [   DEBUG] Provider `faker.providers.phone_number` has been localized to `en_US`. (factory.py:95)
2023-03-21 12:48:09 [   DEBUG] Provider `faker.providers.profile` does not feature localization. Specified locale `en_US` is not utilized for this provider. (factory.py:106)
2023-03-21 12:48:09 [   DEBUG] Provider `faker.providers.python` does not feature localization. Specified locale `en_US` is not utilized for this provider. (factory.py:106)
2023-03-21 12:48:09 [   DEBUG] Provider `faker.providers.sbn` does not feature localization. Specified locale `en_US` is not utilized for this provider. (factory.py:106)
2023-03-21 12:48:09 [   DEBUG] Looking for locale `en_US` in provider `faker.providers.ssn`. (factory.py:76)
2023-03-21 12:48:09 [   DEBUG] Provider `faker.providers.ssn` has been localized to `en_US`. (factory.py:95)
2023-03-21 12:48:09 [   DEBUG] Provider `faker.providers.user_agent` does not feature localization. Specified locale `en_US` is not utilized for this provider. (factory.py:106)
2023-03-21 12:48:09 [   DEBUG] Looking for locale `en_US` in provider `faker.providers.address`. (factory.py:76)
2023-03-21 12:48:09 [   DEBUG] Provider `faker.providers.address` has been localized to `en_US`. (factory.py:95)
2023-03-21 12:48:09 [   DEBUG] Looking for locale `en_US` in provider `faker.providers.automotive`. (factory.py:76)
2023-03-21 12:48:09 [   DEBUG] Provider `faker.providers.automotive` has been localized to `en_US`. (factory.py:95)
2023-03-21 12:48:09 [   DEBUG] Looking for locale `en_US` in provider `faker.providers.bank`. (factory.py:76)
2023-03-21 12:48:09 [   DEBUG] Specified locale `en_US` is not available for provider `faker.providers.bank`. Locale reset to `en_GB` for this provider. (factory.py:86)
2023-03-21 12:48:09 [   DEBUG] Looking for locale `en_US` in provider `faker.providers.barcode`. (factory.py:76)
2023-03-21 12:48:09 [   DEBUG] Provider `faker.providers.barcode` has been localized to `en_US`. (factory.py:95)
2023-03-21 12:48:09 [   DEBUG] Looking for locale `en_US` in provider `faker.providers.color`. (factory.py:76)
2023-03-21 12:48:09 [   DEBUG] Provider `faker.providers.color` has been localized to `en_US`. (factory.py:95)
2023-03-21 12:48:09 [   DEBUG] Looking for locale `en_US` in provider `faker.providers.company`. (factory.py:76)
2023-03-21 12:48:09 [   DEBUG] Provider `faker.providers.company` has been localized to `en_US`. (factory.py:95)
2023-03-21 12:48:09 [   DEBUG] Looking for locale `en_US` in provider `faker.providers.credit_card`. (factory.py:76)
2023-03-21 12:48:09 [   DEBUG] Provider `faker.providers.credit_card` has been localized to `en_US`. (factory.py:95)
2023-03-21 12:48:09 [   DEBUG] Looking for locale `en_US` in provider `faker.providers.currency`. (factory.py:76)
2023-03-21 12:48:09 [   DEBUG] Provider `faker.providers.currency` has been localized to `en_US`. (factory.py:95)
2023-03-21 12:48:09 [   DEBUG] Looking for locale `en_US` in provider `faker.providers.date_time`. (factory.py:76)
2023-03-21 12:48:09 [   DEBUG] Provider `faker.providers.date_time` has been localized to `en_US`. (factory.py:95)
2023-03-21 12:48:09 [   DEBUG] Provider `faker.providers.emoji` does not feature localization. Specified locale `en_US` is not utilized for this provider. (factory.py:106)
2023-03-21 12:48:09 [   DEBUG] Provider `faker.providers.file` does not feature localization. Specified locale `en_US` is not utilized for this provider. (factory.py:106)
2023-03-21 12:48:09 [   DEBUG] Looking for locale `en_US` in provider `faker.providers.geo`. (factory.py:76)
2023-03-21 12:48:09 [   DEBUG] Provider `faker.providers.geo` has been localized to `en_US`. (factory.py:95)
2023-03-21 12:48:09 [   DEBUG] Looking for locale `en_US` in provider `faker.providers.internet`. (factory.py:76)
2023-03-21 12:48:09 [   DEBUG] Provider `faker.providers.internet` has been localized to `en_US`. (factory.py:95)
2023-03-21 12:48:09 [   DEBUG] Provider `faker.providers.isbn` does not feature localization. Specified locale `en_US` is not utilized for this provider. (factory.py:106)
2023-03-21 12:48:09 [   DEBUG] Looking for locale `en_US` in provider `faker.providers.job`. (factory.py:76)
2023-03-21 12:48:09 [   DEBUG] Provider `faker.providers.job` has been localized to `en_US`. (factory.py:95)
2023-03-21 12:48:09 [   DEBUG] Looking for locale `en_US` in provider `faker.providers.lorem`. (factory.py:76)
2023-03-21 12:48:09 [   DEBUG] Provider `faker.providers.lorem` has been localized to `en_US`. (factory.py:95)
2023-03-21 12:48:09 [   DEBUG] Looking for locale `en_US` in provider `faker.providers.misc`. (factory.py:76)
2023-03-21 12:48:09 [   DEBUG] Provider `faker.providers.misc` has been localized to `en_US`. (factory.py:95)
2023-03-21 12:48:09 [   DEBUG] Looking for locale `en_US` in provider `faker.providers.person`. (factory.py:76)
2023-03-21 12:48:09 [   DEBUG] Provider `faker.providers.person` has been localized to `en_US`. (factory.py:95)
2023-03-21 12:48:09 [   DEBUG] Looking for locale `en_US` in provider `faker.providers.phone_number`. (factory.py:76)
2023-03-21 12:48:09 [   DEBUG] Provider `faker.providers.phone_number` has been localized to `en_US`. (factory.py:95)
2023-03-21 12:48:09 [   DEBUG] Provider `faker.providers.profile` does not feature localization. Specified locale `en_US` is not utilized for this provider. (factory.py:106)
2023-03-21 12:48:09 [   DEBUG] Provider `faker.providers.python` does not feature localization. Specified locale `en_US` is not utilized for this provider. (factory.py:106)
2023-03-21 12:48:09 [   DEBUG] Provider `faker.providers.sbn` does not feature localization. Specified locale `en_US` is not utilized for this provider. (factory.py:106)
2023-03-21 12:48:09 [   DEBUG] Looking for locale `en_US` in provider `faker.providers.ssn`. (factory.py:76)
2023-03-21 12:48:09 [   DEBUG] Provider `faker.providers.ssn` has been localized to `en_US`. (factory.py:95)
2023-03-21 12:48:09 [   DEBUG] Provider `faker.providers.user_agent` does not feature localization. Specified locale `en_US` is not utilized for this provider. (factory.py:106)
2023-03-21 12:48:09 [   DEBUG] ReportPortal - Start TestItem: request_body={'attributes': [], 'name': 'tests/users_test.py::test_get_user_by_id', 'description': 'Test case to test API GET https://gorest.co.in/public/v2/users/{id}', 'start_time': '1679377689726', 'item_type': 'STEP', 'code_ref': 'tests/users_test.py:test_get_user_by_id', 'parameters': None, 'parent_item_id': None, 'test_case_id': 'tests/2023-03-21 12:48:09 [   DEBUG] http://localhost:8080 "POST /api/v2/gorest_user_api/item HTTP/1.1" 201 45 (connectionpool.py:456)
2023-03-21 12:48:09 [   DEBUG] start_test_item - ID: 2b04718e-aac6-4563-bfdc-32f1b592d42e (client.py:404)
2023-03-21 12:48:09 [   DEBUG] Looking for locale `en_US` in provider `faker.providers.address`. (rp_logging.py:112)
2023-03-21 12:48:09 [   DEBUG] Provider `faker.providers.address` has been localized to `en_US`. (rp_logging.py:112)
2023-03-21 12:48:09 [   DEBUG] Looking for locale `en_US` in provider `faker.providers.automotive`. (rp_logging.py:112)
2023-03-21 12:48:09 [   DEBUG] Provider `faker.providers.automotive` has been localized to `en_US`. (rp_logging.py:112)
2023-03-21 12:48:09 [   DEBUG] Looking for locale `en_US` in provider `faker.providers.bank`. (rp_logging.py:112)
2023-03-21 12:48:09 [   DEBUG] Specified locale `en_US` is not available for provider `faker.providers.bank`. Locale reset to `en_GB` for this provider. (rp_logging.py:112)
2023-03-21 12:48:09 [   DEBUG] Looking for locale `en_US` in provider `faker.providers.barcode`. (rp_logging.py:112)
2023-03-21 12:48:09 [   DEBUG] Provider `faker.providers.barcode` has been localized to `en_US`. (rp_logging.py:112)
2023-03-21 12:48:09 [   DEBUG] Looking for locale `en_US` in provider `faker.providers.color`. (rp_logging.py:112)
2023-03-21 12:48:09 [   DEBUG] Provider `faker.providers.color` has been localized to `en_US`. (rp_logging.py:112)
2023-03-21 12:48:09 [   DEBUG] Looking for locale `en_US` in provider `faker.providers.company`. (rp_logging.py:112)
2023-03-21 12:48:09 [   DEBUG] Provider `faker.providers.company` has been localized to `en_US`. (rp_logging.py:112)
2023-03-21 12:48:09 [   DEBUG] Looking for locale `en_US` in provider `faker.providers.credit_card`. (rp_logging.py:112)
2023-03-21 12:48:09 [   DEBUG] Provider `faker.providers.credit_card` has been localized to `en_US`. (rp_logging.py:112)
2023-03-21 12:48:09 [   DEBUG] Looking for locale `en_US` in provider `faker.providers.currency`. (rp_logging.py:112)
2023-03-21 12:48:09 [   DEBUG] Provider `faker.providers.currency` has been localized to `en_US`. (rp_logging.py:112)
2023-03-21 12:48:09 [   DEBUG] Looking for locale `en_US` in provider `faker.providers.date_time`. (rp_logging.py:112)
2023-03-21 12:48:09 [   DEBUG] Provider `faker.providers.date_time` has been localized to `en_US`. (rp_logging.py:112)
2023-03-21 12:48:09 [   DEBUG] Provider `faker.providers.emoji` does not feature localization. Specified locale `en_US` is not utilized for this provider. (rp_logging.py:112)
2023-03-21 12:48:09 [   DEBUG] Provider `faker.providers.file` does not feature localization. Specified locale `en_US` is not utilized for this provider. (rp_logging.py:112)
2023-03-21 12:48:09 [   DEBUG] Looking for locale `en_US` in provider `faker.providers.geo`. (rp_logging.py:112)
2023-03-21 12:48:09 [   DEBUG] [APIWorker] Received {<reportportal_client.core.rp_requests.RPLogBatch object at 0x1130b4710>} request (rp_logging.py:112)
2023-03-21 12:48:09 [   DEBUG] [APIWorker] Processing {<reportportal_client.core.rp_requests.RPLogBatch object at 0x1130b4710>} request (rp_logging.py:112)
2023-03-21 12:48:09 [   DEBUG] Provider `faker.providers.geo` has been localized to `en_US`. (rp_logging.py:112)
2023-03-21 12:48:09 [   DEBUG] Looking for locale `en_US` in provider `faker.providers.internet`. (rp_logging.py:112)
2023-03-21 12:48:09 [   DEBUG] Provider `faker.providers.internet` has been localized to `en_US`. (rp_logging.py:112)
2023-03-21 12:48:09 [   DEBUG] Provider `faker.providers.isbn` does not feature localization. Specified locale `en_US` is not utilized for this provider. (rp_logging.py:112)
2023-03-21 12:48:09 [   DEBUG] Looking for locale `en_US` in provider `faker.providers.job`. (rp_logging.py:112)
2023-03-21 12:48:09 [   DEBUG] Provider `faker.providers.job` has been localized to `en_US`. (rp_logging.py:112)
2023-03-21 12:48:09 [   DEBUG] Looking for locale `en_US` in provider `faker.providers.lorem`. (rp_logging.py:112)
2023-03-21 12:48:09 [   DEBUG] Provider `faker.providers.lorem` has been localized to `en_US`. (rp_logging.py:112)
2023-03-21 12:48:09 [   DEBUG] Looking for locale `en_US` in provider `faker.providers.misc`. (rp_logging.py:112)
2023-03-21 12:48:09 [   DEBUG] Provider `faker.providers.misc` has been localized to `en_US`. (rp_logging.py:112)
2023-03-21 12:48:09 [   DEBUG] Looking for locale `en_US` in provider `faker.providers.person`. (rp_logging.py:112)
2023-03-21 12:48:09 [   DEBUG] Provider `faker.providers.person` has been localized to `en_US`. (rp_logging.py:112)
2023-03-21 12:48:09 [   DEBUG] Looking for locale `en_US` in provider `faker.providers.phone_number`. (rp_logging.py:112)
2023-03-21 12:48:09 [   DEBUG] Provider `faker.providers.phone_number` has been localized to `en_US`. (rp_logging.py:112)
2023-03-21 12:48:09 [   DEBUG] Provider `faker.providers.profile` does not feature localization. Specified locale `en_US` is not utilized for this provider. (rp_logging.py:112)
2023-03-21 12:48:09 [   DEBUG] Provider `faker.providers.python` does not feature localization. Specified locale `en_US` is not utilized for this provider. (rp_logging.py:112)
2023-03-21 12:48:09 [   DEBUG] Provider `faker.providers.sbn` does not feature localization. Specified locale `en_US` is not utilized for this provider. (rp_logging.py:112)
2023-03-21 12:48:09 [   DEBUG] Looking for locale `en_US` in provider `faker.providers.ssn`. (rp_logging.py:112)
2023-03-21 12:48:09 [   DEBUG] Provider `faker.providers.ssn` has been localized to `en_US`. (rp_logging.py:112)
2023-03-21 12:48:09 [   DEBUG] Provider `faker.providers.user_agent` does not feature localization. Specified locale `en_US` is not utilized for this provider. (rp_logging.py:112)
2023-03-21 12:48:09 [   DEBUG] URL: http://www.dneonline.com/calculator.asmx (rp_logging.py:112)
2023-03-21 12:48:09 [   DEBUG] Headers: {"Content-Type": "t2023-03-21 12:48:09 [   DEBUG] http://localhost:8080 "POST /api/v2/gorest_user_api/log HTTP/1.1" 201 935 (rp_logging.py:112)
2023-03-21 12:48:09 [   DEBUG] [APIWorker] Received {2023-03-21 12:48:10 [   DEBUG] http://localhost:8080 "POST /api/v2/gorest_user_api/log HTTP/1.1" 201 935 (rp_logging.py:112)
2023-03-21 12:48:10 [   DEBUG] [APIWorker] Received {<reportportal_client.core.rp_requests.RPLogBatch object at 0x103b7e3d0>} r2023-2023-03-21 12:48:10 [   DEBUG] http://localhost:8080 "POST /api/v2/gorest_user_api/log HTTP/1.1" 201 935 (rp_logging.py:2023-2023-03-21 12:48:11 [   DEBUG] https://gorest.co.in:443 "GET /public/v2/users HTTP/1.1" 200 None (rp_logging.py:112)
2023-03-21 12:48:11 [   DEBUG] Starting new HTTPS connection 2023-03-21 12:48:12 [   DEBUG] https://gorest.co.in:443 "POST /public/v2/graphql HTTP/1.1" 200 None (rp_logging.py:112)
2023-03-21 12:48:12 [    INFO] {'data': {'users': {'pageInfo': {'endCursor': 'MTA', 'startCursor': 'MQ', 'hasNextPage': True, 'hasPreviousPage': False}, 'totalCount': 2514, 'nodes': [{'id': 267334, 'name': 'Lisa Valenzuela', 'email': 'murphyrichard@example.org', 'gender': 'female', 'status': 'active'}, {'id': 266779, 'name': 'Rev. Suryakantam Prajapat', 'email': 'suryakantam_rev_prajapat@shields.biz', 'gender': 'male', 'status': 'active'}, {'id': 264969, 'name': 'User b21a6986-94f1-4b17-a327-3e1159f6ceb2', 'email': 'porterbrandy@example.org', 'gender': 'female', 'status': 'active'}, {'id': 264968, 'name': 'Crystal Ponce', 'email': 'nguyengina@example.org', 'gender': 'female', 'status': 'active'}, {'id': 264967, 'name': 'Andrea Hill', 'email': 'brian82@example.org', 'gender': 'male', 'status': 'active'}, {'id': 263331, 'name': 'Amy Braun', 'email': 'fmartinez@example.org', 'gender': 'male', 'status': 'active'}, {'id': 263328, 'name': 'User c114c42e-119c-4338-a73c-4c086dc777f5', 'email': 'mcgeebrenda@example.net', 'gender': 'male', 'status': 'active'}, {'id': 263327, 'name': 'Jo Armstrong', 'email': 'julie05@example.org', 'gender': 'female', 'status': 'active'}, {'id': 263001, 'name': 'Andrew Adams', 'email': 'awalker@example.com', 'gender': 'male', 'status': 'active'}, {'id': 262997, 'name': 'User 6ffb13c5-1197-42b8-95c5-060f98c25903', 'email': 'zcortez@example.com', 'gender': 'female', 'status': 'active'}]}}} (rp_logging.py:112)
2023-03-21 12:48:12 [   DEBUG] ReportPortal - Finish TestItem: request_body={'attributes': [], 'end_time': '1679377692033', 2023-03-21 12:48:17 [   DEBUG] https://gorest.co.in:443 "POST /public/v2/users HTTP/1.1" 201 None (rp_logging.py:112)
2023-03-21 12:48:17 [   DEBUG] ReportPortal - Finish TestItem: request_body={'attributes': [], 'end_time': '1679377697902', 'status': 'PASSED', 'issue': None, 'item_id': 'f80894bc-b7fd-4819-ae7b-5e3a01bf1d52'} (service.py:726)
2023-03-21 12:48:17 [   DEBUG] http://localhost:8080 "PUT /api/v2/gorest_user_api/item/f80894bc-b7fd-4819-ae7b-5e3a01bf1d52 HTTP/1.1" 200 93 (connectionpool.py:456)
2023-03-21 12:48:17 [   DEBUG] finish_test_item - ID: f80894bc-b7fd-4819-ae7b-5e3a01bf1d52 (client.py:197)
2023-03-21 12:48:17 [   DEBUG] response message: Accepted finish request for test item ID = f80894bc-b7fd-4819-ae7b-5e3a01bf1d52 (client.py:198)
2023-03-21 12:48:17 [   DEBUG] Waiting for worker <reportportal_client.core.worker.APIWorker object at 0x10c23c1d0> to completeprocessing batches. (log_manager.py:132)
2023-03-21 12:48:17 [   DEBUG] [APIWorker] Received {<reportportal_client.core.rp_requests.RPLogBatch object at 0x10d324e50>} request (worker.py:121)
2023-03-21 12:48:17 [   DEBUG] [APIWorker] Processing {<reportportal_client.core.rp_requests.RPLogBatch object at 0x10d324e50>} request (worker.py:92)
2023-03-21 12:48:17 [   DEBUG] http://localhost:8080 "POST /api/v2/gorest_user_api/log HTTP/1.1" 201 383 (connectionpool.py:456)
2023-03-21 12:48:17 [   DEBUG] [APIWorker] Received {ControlCommand.STOP} command (worker.py:114)
2023-03-21 12:48:17 [   DEBUG] [APIWorker] Processing {ControlCommand.STOP} command (worker.py:79)
2023-03-21 12:48:18 [   DEBUG] [APIWorker] Exiting due to {ControlCommand.STOP} command (worker.py:117)
03-21 12:48:13 [   DEBUG] Status : 200 (rp_logging.py:112)
2023-03-21 12:48:13 [   DEBUG] Response: {'id': 264967, 'name': 'Andrea Hill', 'email': 'brian82@example.org', 'gender': 'male', 'status': 'active'} (rp_logging.py:112)
2023-03-21 12:48:13 [   DEBUG] ReportPortal - Finish TestItem: request_body={'attributes': [], 'end_time': '1679377693707', 'status': 'PASSED', 'issue': None, 'item_id': 'a073de7d-fec4-434a-be4b-bc31c768cfac'} (service.py:726)
2023-03-21 12:48:13 [   DEBUG] http://localhost:2023-03-21 12:48:14 [   DEBUG] https://gorest.co.in:443 "DELETE /public/v2/users/267335 HTTP/1.1" 204 0 (rp_logging.py:112)
2023-03-21 12:48:14 [   DEBUG] Starting new HTTPS connection (1): gorest.co.in:443 (rp_logging.py:112)
2023-03-21 12:48:15 [   DEBUG] https://gorest.co.in:443 "GET /public/v2/users/267335 HTTP/1.1" 404 None (rp_logging.py:112)
2023-03-21 12:48:15 [   DEBUG] ReportPortal - Finish TestItem: request_body={'attributes': [], 'end_time': '1679377695091', 'status': 'PASSED', 'issue': None, 'item_id': '134229db-3f5e-4c6d-a233-c172ef3b1a86'} (service.py:726)
2023-03-21 12:48:15 [   DEBUG] http://localhost:8080 "PUT /api/v2/gorest_user_api/item/134229db-3f5e-4c6d-a233-c172ef3b1a86 HTTP/1.1" 200 93 (connectionpool.py:456)
2023-03-21 12:48:15 [   DEBUG] finish_test_item - ID: 134229db-3f5e-4c6d-a233-c172ef3b1a86 (client.py:197)
2023-03-21 12:48:15 [   DEBUG] response message: Accepted finish request for test item ID = 134229db-3f5e-4c6d-a233-c172ef3b1a86 (client.py:198)
2023-03-21 12:48:15 [   DEBUG] Waiting for worker <reportportal_client.core.worker.APIWorker object at 0x111ef5fd0> to completeprocessing batches. (log_manager.py:132)
2023-03-21 12:48:15 [   DEBUG] [APIWorker] Received {<reportportal_client.core.rp_requests.RPLogBatch object at 0x1130703d0>} request (worker.py:121)
2023-03-21 12:48:15 [   DEBUG] [APIWorker] Processing {<reportportal_client.core.rp_requests.RPLogBatch object at 0x1130703d0>} request (worker.py:92)
2023-03-21 12:48:15 [   DEBUG] http://localhost:8080 "POST /api/v2/gorest_user_api/log HTTP/1.1" 201 705 (connectionpool.py:456)
2023-03-21 12:48:15 [   DEBUG] [APIWorker] Received {ControlCommand.STOP} command (worker.py:114)
2023-03-21 12:48:15 [   DEBUG] [APIWorker] Processing {ControlCommand.STOP} command (worker.py:79)
2023-03-21 12:48:15 [   DEBUG] [APIWorker] Exiting due to {ControlCommand.STOP} command (worker.py:117)
46', 'status': 'PASSED', 'issue': None, 'item_id': 'ce068430-d5a1-4fad-9c94-7bc5145256c4'} (service.py:726)
2023-03-21 12:48:13 [   DEBUG] http://localhost:8080 "PUT /api/v2/gorest_user_api/item/ce068430-d5a1-4fad-9c94-7bc5145256c4 HTTP/1.1" 200 93 (connectionpool.py:456)
2023-03-21 12:48:13 [   DEBUG] finish_test_item - ID: ce068430-d5a1-4fad-9c94-7bc5145256c4 (client.py:197)
2023-03-21 12:48:13 [   DEBUG] response message: Accepted finish request for test item ID = ce068430-d5a1-4fad-9c94-7bc5145256c4 (client.py:198)
2023-03-21 12:48:13 [   DEBUG] ReportPortal - Start TestItem: request_body={'attributes': [], 'name': 'tests/users_test.py::test_user_can_be_added_with_json_template', 'description': None, 'start_time': '1679377693369', 'item_type': 'STEP', 'code_ref': 'tests/users_test.py:test_user_can_be_added_with_json_template', 'parameters': None, 'parent_item_id': None, 'test_case_id': 'tests/users_test.py:test_user_can_be_added_with_json_template'} (service.py:653)
2023-03-21 12:48:13 [   DEBUG] http://localhost:8080 "POST /api/v2/gorest_user_api/item HTTP/1.1" 201 45 (connectionpool.py:456)
2023-03-21 12:48:13 [   DEBUG] start_test_item - ID: 4929f017-010a-4a16-b650-b63f98b49044 (client.py:404)
2023-03-21 12:48:13 [   DEBUG] Request payload: {'name': 'Tina Dunn', 'gender': 'female', 'email': 'kenneththomas@example.net', 'status': 'active'} (rp_logging.py:112)
2023-03-21 12:48:13 [   DEBUG] Starting new HTTPS connection (1): gorest.co.in:443 (rp_logging.py:112)
2023-03-21 12:48:13 [   DEBUG] [APIWorker] Received {<reportportal_client.core.rp_requests.RPLogBatch object at 0x10b318a90>} request (rp_logging.py:112)
2023-03-21 12:48:13 [   DEBUG] [APIWorker] Processing {<reportportal_client.core.rp_requests.RPLogBatch object at 0x10b318a90>} request (rp_logging.py:112)
2023-03-21 12:48:13 [   DEBUG] http://localhost:8080 "POST /api/v2/gorest_user_api/log HTTP/1.1" 201 935 (rp_logging.py:112)
2023-03-21 12:48:15 [   DEBUG] https://gorest.co.in:443 "POST /public/v2/users HTTP/1.1" 201 None (rp_logging.py:112)
2023-03-21 12:48:15 [   DEBUG] ReportPortal - Finish TestItem: request_body={'attributes': [], 'end_time': '1679377695439', 'status': 'PASSED', 'issue': None, 'item_id': '4929f017-010a-4a16-b650-b63f98b49044'} (service.py:726)
2023-03-21 12:48:15 [   DEBUG] http://localhost:8080 "PUT /api/v2/gorest_user_api/item/4929f017-010a-4a16-b650-b63f98b49044 HTTP/1.1" 200 93 (connectionpool.py:456)
2023-03-21 12:48:15 [   DEBUG] finish_test_item - ID: 4929f017-010a-4a16-b650-b63f98b49044 (client.py:197)
2023-03-21 12:48:15 [   DEBUG] response message: Accepted finish request for test item ID = 4929f017-010a-4a16-b650-b63f98b49044 (client.py:198)
2023-03-21 12:48:15 [   DEBUG] Waiting for worker <reportportal_client.core.worker.APIWorker object at 0x10a1a6f10> to completeprocessing batches. (log_manager.py:132)
2023-03-21 12:48:15 [   DEBUG] [APIWorker] Received {<reportportal_client.core.rp_requests.RPLogBatch object at 0x10a1e06d0>} request (worker.py:121)
2023-03-21 12:48:15 [   DEBUG] [APIWorker] Processing {<reportportal_client.core.rp_requests.RPLogBatch object at 0x10a1e06d0>} request (worker.py:92)
2023-03-21 12:48:15 [   DEBUG] http://localhost:8080 "POST /api/v2/gorest_user_api/log HTTP/1.1" 201 61 (connectionpool.py:456)
2023-03-21 12:48:15 [   DEBUG] [APIWorker] Received {ControlCommand.STOP} command (worker.py:114)
2023-03-21 12:48:15 [   DEBUG] [APIWorker] Processing {ControlCommand.STOP} command (worker.py:79)
2023-03-21 12:48:15 [   DEBUG] [APIWorker] Exiting due to {ControlCommand.STOP} command (worker.py:117)
